Archive member included to satisfy reference by file (symbol)

d:/development/tools/win-gcc-arm-none-eabi/bin/../lib/gcc/arm-none-eabi/7.3.1/../../../../arm-none-eabi/lib/thumb/v7-m\libc_nano.a(lib_a-exit.o)
                              d:/development/tools/win-gcc-arm-none-eabi/bin/../lib/gcc/arm-none-eabi/7.3.1/../../../../arm-none-eabi/lib/thumb/v7-m/crt0.o (exit)
d:/development/tools/win-gcc-arm-none-eabi/bin/../lib/gcc/arm-none-eabi/7.3.1/../../../../arm-none-eabi/lib/thumb/v7-m\libc_nano.a(lib_a-impure.o)
                              d:/development/tools/win-gcc-arm-none-eabi/bin/../lib/gcc/arm-none-eabi/7.3.1/../../../../arm-none-eabi/lib/thumb/v7-m\libc_nano.a(lib_a-exit.o) (_global_impure_ptr)
d:/development/tools/win-gcc-arm-none-eabi/bin/../lib/gcc/arm-none-eabi/7.3.1/../../../../arm-none-eabi/lib/thumb/v7-m\libc_nano.a(lib_a-init.o)
                              d:/development/tools/win-gcc-arm-none-eabi/bin/../lib/gcc/arm-none-eabi/7.3.1/../../../../arm-none-eabi/lib/thumb/v7-m/crt0.o (__libc_init_array)
d:/development/tools/win-gcc-arm-none-eabi/bin/../lib/gcc/arm-none-eabi/7.3.1/../../../../arm-none-eabi/lib/thumb/v7-m\libc_nano.a(lib_a-memset.o)
                              d:/development/tools/win-gcc-arm-none-eabi/bin/../lib/gcc/arm-none-eabi/7.3.1/../../../../arm-none-eabi/lib/thumb/v7-m/crt0.o (memset)
d:/development/tools/win-gcc-arm-none-eabi/bin/../lib/gcc/arm-none-eabi/7.3.1/../../../../arm-none-eabi/lib/thumb/v7-m\libnosys.a(_exit.o)
                              d:/development/tools/win-gcc-arm-none-eabi/bin/../lib/gcc/arm-none-eabi/7.3.1/../../../../arm-none-eabi/lib/thumb/v7-m\libc_nano.a(lib_a-exit.o) (_exit)

Allocating common symbols
Common symbol       size              file

uwTick              0x4               build/stm32f1xx_hal.o
pFlash              0x20              build/stm32f1xx_hal_flash.o

Discarded input sections

 .text          0x00000000        0x0 d:/development/tools/win-gcc-arm-none-eabi/bin/../lib/gcc/arm-none-eabi/7.3.1/thumb/v7-m/crti.o
 .data          0x00000000        0x0 d:/development/tools/win-gcc-arm-none-eabi/bin/../lib/gcc/arm-none-eabi/7.3.1/thumb/v7-m/crti.o
 .bss           0x00000000        0x0 d:/development/tools/win-gcc-arm-none-eabi/bin/../lib/gcc/arm-none-eabi/7.3.1/thumb/v7-m/crti.o
 .data          0x00000000        0x4 d:/development/tools/win-gcc-arm-none-eabi/bin/../lib/gcc/arm-none-eabi/7.3.1/thumb/v7-m/crtbegin.o
 .text          0x00000000       0x74 d:/development/tools/win-gcc-arm-none-eabi/bin/../lib/gcc/arm-none-eabi/7.3.1/../../../../arm-none-eabi/lib/thumb/v7-m/crt0.o
 .data          0x00000000        0x0 d:/development/tools/win-gcc-arm-none-eabi/bin/../lib/gcc/arm-none-eabi/7.3.1/../../../../arm-none-eabi/lib/thumb/v7-m/crt0.o
 .bss           0x00000000        0x0 d:/development/tools/win-gcc-arm-none-eabi/bin/../lib/gcc/arm-none-eabi/7.3.1/../../../../arm-none-eabi/lib/thumb/v7-m/crt0.o
 .ARM.extab     0x00000000        0x0 d:/development/tools/win-gcc-arm-none-eabi/bin/../lib/gcc/arm-none-eabi/7.3.1/../../../../arm-none-eabi/lib/thumb/v7-m/crt0.o
 .ARM.exidx     0x00000000        0x8 d:/development/tools/win-gcc-arm-none-eabi/bin/../lib/gcc/arm-none-eabi/7.3.1/../../../../arm-none-eabi/lib/thumb/v7-m/crt0.o
 .ARM.attributes
                0x00000000       0x1b d:/development/tools/win-gcc-arm-none-eabi/bin/../lib/gcc/arm-none-eabi/7.3.1/../../../../arm-none-eabi/lib/thumb/v7-m/crt0.o
 .text          0x00000000        0x0 build/main.o
 .data          0x00000000        0x0 build/main.o
 .bss           0x00000000        0x0 build/main.o
 .text.Error_Handler
                0x00000000        0x2 build/main.o
 .text          0x00000000        0x0 build/stm32f1xx_it.o
 .data          0x00000000        0x0 build/stm32f1xx_it.o
 .bss           0x00000000        0x0 build/stm32f1xx_it.o
 .text          0x00000000        0x0 build/stm32f1xx_hal_msp.o
 .data          0x00000000        0x0 build/stm32f1xx_hal_msp.o
 .bss           0x00000000        0x0 build/stm32f1xx_hal_msp.o
 .text          0x00000000        0x0 build/stm32f1xx_hal_gpio_ex.o
 .data          0x00000000        0x0 build/stm32f1xx_hal_gpio_ex.o
 .bss           0x00000000        0x0 build/stm32f1xx_hal_gpio_ex.o
 .text.HAL_GPIOEx_ConfigEventout
                0x00000000       0x14 build/stm32f1xx_hal_gpio_ex.o
 .text.HAL_GPIOEx_EnableEventout
                0x00000000       0x10 build/stm32f1xx_hal_gpio_ex.o
 .text.HAL_GPIOEx_DisableEventout
                0x00000000       0x10 build/stm32f1xx_hal_gpio_ex.o
 .debug_info    0x00000000      0xb46 build/stm32f1xx_hal_gpio_ex.o
 .debug_abbrev  0x00000000      0x1e2 build/stm32f1xx_hal_gpio_ex.o
 .debug_loc     0x00000000       0x21 build/stm32f1xx_hal_gpio_ex.o
 .debug_aranges
                0x00000000       0x30 build/stm32f1xx_hal_gpio_ex.o
 .debug_ranges  0x00000000       0x20 build/stm32f1xx_hal_gpio_ex.o
 .debug_line    0x00000000      0x263 build/stm32f1xx_hal_gpio_ex.o
 .debug_str     0x00000000      0x6f0 build/stm32f1xx_hal_gpio_ex.o
 .comment       0x00000000       0x80 build/stm32f1xx_hal_gpio_ex.o
 .debug_frame   0x00000000       0x40 build/stm32f1xx_hal_gpio_ex.o
 .ARM.attributes
                0x00000000       0x33 build/stm32f1xx_hal_gpio_ex.o
 .text          0x00000000        0x0 build/stm32f1xx_hal_tim.o
 .data          0x00000000        0x0 build/stm32f1xx_hal_tim.o
 .bss           0x00000000        0x0 build/stm32f1xx_hal_tim.o
 .debug_info    0x00000000      0xa63 build/stm32f1xx_hal_tim.o
 .debug_abbrev  0x00000000      0x18e build/stm32f1xx_hal_tim.o
 .debug_aranges
                0x00000000       0x18 build/stm32f1xx_hal_tim.o
 .debug_line    0x00000000      0x1e0 build/stm32f1xx_hal_tim.o
 .debug_str     0x00000000      0x650 build/stm32f1xx_hal_tim.o
 .comment       0x00000000       0x80 build/stm32f1xx_hal_tim.o
 .ARM.attributes
                0x00000000       0x33 build/stm32f1xx_hal_tim.o
 .text          0x00000000        0x0 build/stm32f1xx_hal_tim_ex.o
 .data          0x00000000        0x0 build/stm32f1xx_hal_tim_ex.o
 .bss           0x00000000        0x0 build/stm32f1xx_hal_tim_ex.o
 .debug_info    0x00000000      0xa63 build/stm32f1xx_hal_tim_ex.o
 .debug_abbrev  0x00000000      0x18e build/stm32f1xx_hal_tim_ex.o
 .debug_aranges
                0x00000000       0x18 build/stm32f1xx_hal_tim_ex.o
 .debug_line    0x00000000      0x1e0 build/stm32f1xx_hal_tim_ex.o
 .debug_str     0x00000000      0x653 build/stm32f1xx_hal_tim_ex.o
 .comment       0x00000000       0x80 build/stm32f1xx_hal_tim_ex.o
 .ARM.attributes
                0x00000000       0x33 build/stm32f1xx_hal_tim_ex.o
 .text          0x00000000        0x0 build/stm32f1xx_hal.o
 .data          0x00000000        0x0 build/stm32f1xx_hal.o
 .bss           0x00000000        0x0 build/stm32f1xx_hal.o
 .text.HAL_MspInit
                0x00000000        0x2 build/stm32f1xx_hal.o
 .text.HAL_MspDeInit
                0x00000000        0x2 build/stm32f1xx_hal.o
 .text.HAL_DeInit
                0x00000000       0x20 build/stm32f1xx_hal.o
 .text.HAL_GetTickPrio
                0x00000000        0xc build/stm32f1xx_hal.o
 .text.HAL_SetTickFreq
                0x00000000       0x24 build/stm32f1xx_hal.o
 .text.HAL_GetTickFreq
                0x00000000        0xc build/stm32f1xx_hal.o
 .text.HAL_Delay
                0x00000000       0x28 build/stm32f1xx_hal.o
 .text.HAL_SuspendTick
                0x00000000       0x10 build/stm32f1xx_hal.o
 .text.HAL_ResumeTick
                0x00000000       0x10 build/stm32f1xx_hal.o
 .text.HAL_GetHalVersion
                0x00000000        0x8 build/stm32f1xx_hal.o
 .text.HAL_GetREVID
                0x00000000        0xc build/stm32f1xx_hal.o
 .text.HAL_GetDEVID
                0x00000000       0x10 build/stm32f1xx_hal.o
 .text.HAL_DBGMCU_EnableDBGSleepMode
                0x00000000       0x10 build/stm32f1xx_hal.o
 .text.HAL_DBGMCU_DisableDBGSleepMode
                0x00000000       0x10 build/stm32f1xx_hal.o
 .text.HAL_DBGMCU_EnableDBGStopMode
                0x00000000       0x10 build/stm32f1xx_hal.o
 .text.HAL_DBGMCU_DisableDBGStopMode
                0x00000000       0x10 build/stm32f1xx_hal.o
 .text.HAL_DBGMCU_EnableDBGStandbyMode
                0x00000000       0x10 build/stm32f1xx_hal.o
 .text.HAL_DBGMCU_DisableDBGStandbyMode
                0x00000000       0x10 build/stm32f1xx_hal.o
 .text.HAL_GetUID
                0x00000000       0x20 build/stm32f1xx_hal.o
 .text          0x00000000        0x0 build/stm32f1xx_hal_rcc.o
 .data          0x00000000        0x0 build/stm32f1xx_hal_rcc.o
 .bss           0x00000000        0x0 build/stm32f1xx_hal_rcc.o
 .text.HAL_RCC_DeInit
                0x00000000       0xec build/stm32f1xx_hal_rcc.o
 .text.HAL_RCC_MCOConfig
                0x00000000       0x4c build/stm32f1xx_hal_rcc.o
 .text.HAL_RCC_EnableCSS
                0x00000000        0xc build/stm32f1xx_hal_rcc.o
 .text.HAL_RCC_DisableCSS
                0x00000000        0xc build/stm32f1xx_hal_rcc.o
 .text.HAL_RCC_GetHCLKFreq
                0x00000000        0xc build/stm32f1xx_hal_rcc.o
 .text.HAL_RCC_GetPCLK1Freq
                0x00000000       0x20 build/stm32f1xx_hal_rcc.o
 .text.HAL_RCC_GetPCLK2Freq
                0x00000000       0x20 build/stm32f1xx_hal_rcc.o
 .text.HAL_RCC_GetOscConfig
                0x00000000       0xb4 build/stm32f1xx_hal_rcc.o
 .text.HAL_RCC_GetClockConfig
                0x00000000       0x3c build/stm32f1xx_hal_rcc.o
 .text.HAL_RCC_CSSCallback
                0x00000000        0x2 build/stm32f1xx_hal_rcc.o
 .text.HAL_RCC_NMI_IRQHandler
                0x00000000       0x24 build/stm32f1xx_hal_rcc.o
 .text          0x00000000        0x0 build/stm32f1xx_hal_rcc_ex.o
 .data          0x00000000        0x0 build/stm32f1xx_hal_rcc_ex.o
 .bss           0x00000000        0x0 build/stm32f1xx_hal_rcc_ex.o
 .text.HAL_RCCEx_PeriphCLKConfig
                0x00000000      0x114 build/stm32f1xx_hal_rcc_ex.o
 .text.HAL_RCCEx_GetPeriphCLKConfig
                0x00000000       0x2c build/stm32f1xx_hal_rcc_ex.o
 .text.HAL_RCCEx_GetPeriphCLKFreq
                0x00000000       0xfc build/stm32f1xx_hal_rcc_ex.o
 .rodata        0x00000000       0x12 build/stm32f1xx_hal_rcc_ex.o
 .debug_info    0x00000000      0xdcc build/stm32f1xx_hal_rcc_ex.o
 .debug_abbrev  0x00000000      0x296 build/stm32f1xx_hal_rcc_ex.o
 .debug_loc     0x00000000      0x358 build/stm32f1xx_hal_rcc_ex.o
 .debug_aranges
                0x00000000       0x30 build/stm32f1xx_hal_rcc_ex.o
 .debug_ranges  0x00000000       0x38 build/stm32f1xx_hal_rcc_ex.o
 .debug_line    0x00000000      0x33c build/stm32f1xx_hal_rcc_ex.o
 .debug_str     0x00000000      0x85a build/stm32f1xx_hal_rcc_ex.o
 .comment       0x00000000       0x80 build/stm32f1xx_hal_rcc_ex.o
 .debug_frame   0x00000000       0x74 build/stm32f1xx_hal_rcc_ex.o
 .ARM.attributes
                0x00000000       0x33 build/stm32f1xx_hal_rcc_ex.o
 .text          0x00000000        0x0 build/stm32f1xx_hal_gpio.o
 .data          0x00000000        0x0 build/stm32f1xx_hal_gpio.o
 .bss           0x00000000        0x0 build/stm32f1xx_hal_gpio.o
 .text.HAL_GPIO_Init
                0x00000000      0x1d4 build/stm32f1xx_hal_gpio.o
 .text.HAL_GPIO_DeInit
                0x00000000       0xe0 build/stm32f1xx_hal_gpio.o
 .text.HAL_GPIO_ReadPin
                0x00000000        0xe build/stm32f1xx_hal_gpio.o
 .text.HAL_GPIO_WritePin
                0x00000000        0xc build/stm32f1xx_hal_gpio.o
 .text.HAL_GPIO_TogglePin
                0x00000000        0x8 build/stm32f1xx_hal_gpio.o
 .text.HAL_GPIO_LockPin
                0x00000000       0x2e build/stm32f1xx_hal_gpio.o
 .text.HAL_GPIO_EXTI_Callback
                0x00000000        0x2 build/stm32f1xx_hal_gpio.o
 .text.HAL_GPIO_EXTI_IRQHandler
                0x00000000       0x1c build/stm32f1xx_hal_gpio.o
 .debug_info    0x00000000     0x101e build/stm32f1xx_hal_gpio.o
 .debug_abbrev  0x00000000      0x2be build/stm32f1xx_hal_gpio.o
 .debug_loc     0x00000000      0x516 build/stm32f1xx_hal_gpio.o
 .debug_aranges
                0x00000000       0x58 build/stm32f1xx_hal_gpio.o
 .debug_ranges  0x00000000       0x48 build/stm32f1xx_hal_gpio.o
 .debug_line    0x00000000      0x41a build/stm32f1xx_hal_gpio.o
 .debug_str     0x00000000      0x89f build/stm32f1xx_hal_gpio.o
 .comment       0x00000000       0x80 build/stm32f1xx_hal_gpio.o
 .debug_frame   0x00000000       0xe8 build/stm32f1xx_hal_gpio.o
 .ARM.attributes
                0x00000000       0x33 build/stm32f1xx_hal_gpio.o
 .text          0x00000000        0x0 build/stm32f1xx_hal_dma.o
 .data          0x00000000        0x0 build/stm32f1xx_hal_dma.o
 .bss           0x00000000        0x0 build/stm32f1xx_hal_dma.o
 .text.DMA_SetConfig
                0x00000000       0x2c build/stm32f1xx_hal_dma.o
 .text.HAL_DMA_Init
                0x00000000       0x6c build/stm32f1xx_hal_dma.o
 .text.HAL_DMA_DeInit
                0x00000000       0x68 build/stm32f1xx_hal_dma.o
 .text.HAL_DMA_Start
                0x00000000       0x50 build/stm32f1xx_hal_dma.o
 .text.HAL_DMA_Start_IT
                0x00000000       0x74 build/stm32f1xx_hal_dma.o
 .text.HAL_DMA_Abort
                0x00000000       0x2e build/stm32f1xx_hal_dma.o
 .text.HAL_DMA_Abort_IT
                0x00000000       0x98 build/stm32f1xx_hal_dma.o
 .text.HAL_DMA_PollForTransfer
                0x00000000      0x22c build/stm32f1xx_hal_dma.o
 .text.HAL_DMA_IRQHandler
                0x00000000      0x144 build/stm32f1xx_hal_dma.o
 .text.HAL_DMA_RegisterCallback
                0x00000000       0x4e build/stm32f1xx_hal_dma.o
 .text.HAL_DMA_UnRegisterCallback
                0x00000000       0x5c build/stm32f1xx_hal_dma.o
 .text.HAL_DMA_GetState
                0x00000000        0x6 build/stm32f1xx_hal_dma.o
 .text.HAL_DMA_GetError
                0x00000000        0x4 build/stm32f1xx_hal_dma.o
 .debug_info    0x00000000     0x11b8 build/stm32f1xx_hal_dma.o
 .debug_abbrev  0x00000000      0x2e3 build/stm32f1xx_hal_dma.o
 .debug_loc     0x00000000      0x8da build/stm32f1xx_hal_dma.o
 .debug_aranges
                0x00000000       0x80 build/stm32f1xx_hal_dma.o
 .debug_ranges  0x00000000       0x70 build/stm32f1xx_hal_dma.o
 .debug_line    0x00000000      0x5e5 build/stm32f1xx_hal_dma.o
 .debug_str     0x00000000      0xa96 build/stm32f1xx_hal_dma.o
 .comment       0x00000000       0x80 build/stm32f1xx_hal_dma.o
 .debug_frame   0x00000000      0x168 build/stm32f1xx_hal_dma.o
 .ARM.attributes
                0x00000000       0x33 build/stm32f1xx_hal_dma.o
 .text          0x00000000        0x0 build/stm32f1xx_hal_cortex.o
 .data          0x00000000        0x0 build/stm32f1xx_hal_cortex.o
 .bss           0x00000000        0x0 build/stm32f1xx_hal_cortex.o
 .text.HAL_NVIC_EnableIRQ
                0x00000000       0x18 build/stm32f1xx_hal_cortex.o
 .text.HAL_NVIC_DisableIRQ
                0x00000000       0x18 build/stm32f1xx_hal_cortex.o
 .text.HAL_NVIC_SystemReset
                0x00000000       0x24 build/stm32f1xx_hal_cortex.o
 .text.HAL_NVIC_GetPriorityGrouping
                0x00000000       0x10 build/stm32f1xx_hal_cortex.o
 .text.HAL_NVIC_GetPriority
                0x00000000       0x60 build/stm32f1xx_hal_cortex.o
 .text.HAL_NVIC_SetPendingIRQ
                0x00000000       0x18 build/stm32f1xx_hal_cortex.o
 .text.HAL_NVIC_GetPendingIRQ
                0x00000000       0x1c build/stm32f1xx_hal_cortex.o
 .text.HAL_NVIC_ClearPendingIRQ
                0x00000000       0x18 build/stm32f1xx_hal_cortex.o
 .text.HAL_NVIC_GetActive
                0x00000000       0x1c build/stm32f1xx_hal_cortex.o
 .text.HAL_SYSTICK_CLKSourceConfig
                0x00000000       0x20 build/stm32f1xx_hal_cortex.o
 .text.HAL_SYSTICK_Callback
                0x00000000        0x2 build/stm32f1xx_hal_cortex.o
 .text.HAL_SYSTICK_IRQHandler
                0x00000000        0x8 build/stm32f1xx_hal_cortex.o
 .text          0x00000000        0x0 build/stm32f1xx_hal_pwr.o
 .data          0x00000000        0x0 build/stm32f1xx_hal_pwr.o
 .bss           0x00000000        0x0 build/stm32f1xx_hal_pwr.o
 .text.PWR_OverloadWfe
                0x00000000        0x6 build/stm32f1xx_hal_pwr.o
 .text.HAL_PWR_DeInit
                0x00000000       0x18 build/stm32f1xx_hal_pwr.o
 .text.HAL_PWR_EnableBkUpAccess
                0x00000000        0xc build/stm32f1xx_hal_pwr.o
 .text.HAL_PWR_DisableBkUpAccess
                0x00000000        0xc build/stm32f1xx_hal_pwr.o
 .text.HAL_PWR_ConfigPVD
                0x00000000       0x84 build/stm32f1xx_hal_pwr.o
 .text.HAL_PWR_EnablePVD
                0x00000000        0xc build/stm32f1xx_hal_pwr.o
 .text.HAL_PWR_DisablePVD
                0x00000000        0xc build/stm32f1xx_hal_pwr.o
 .text.HAL_PWR_EnableWakeUpPin
                0x00000000       0x18 build/stm32f1xx_hal_pwr.o
 .text.HAL_PWR_DisableWakeUpPin
                0x00000000       0x18 build/stm32f1xx_hal_pwr.o
 .text.HAL_PWR_EnterSLEEPMode
                0x00000000       0x20 build/stm32f1xx_hal_pwr.o
 .text.HAL_PWR_EnterSTOPMode
                0x00000000       0x48 build/stm32f1xx_hal_pwr.o
 .text.HAL_PWR_EnterSTANDBYMode
                0x00000000       0x20 build/stm32f1xx_hal_pwr.o
 .text.HAL_PWR_EnableSleepOnExit
                0x00000000       0x10 build/stm32f1xx_hal_pwr.o
 .text.HAL_PWR_DisableSleepOnExit
                0x00000000       0x10 build/stm32f1xx_hal_pwr.o
 .text.HAL_PWR_EnableSEVOnPend
                0x00000000       0x10 build/stm32f1xx_hal_pwr.o
 .text.HAL_PWR_DisableSEVOnPend
                0x00000000       0x10 build/stm32f1xx_hal_pwr.o
 .text.HAL_PWR_PVDCallback
                0x00000000        0x2 build/stm32f1xx_hal_pwr.o
 .text.HAL_PWR_PVD_IRQHandler
                0x00000000       0x20 build/stm32f1xx_hal_pwr.o
 .debug_info    0x00000000     0x1136 build/stm32f1xx_hal_pwr.o
 .debug_abbrev  0x00000000      0x2c2 build/stm32f1xx_hal_pwr.o
 .debug_loc     0x00000000       0xf5 build/stm32f1xx_hal_pwr.o
 .debug_aranges
                0x00000000       0xa8 build/stm32f1xx_hal_pwr.o
 .debug_ranges  0x00000000       0x98 build/stm32f1xx_hal_pwr.o
 .debug_line    0x00000000      0x400 build/stm32f1xx_hal_pwr.o
 .debug_str     0x00000000      0x934 build/stm32f1xx_hal_pwr.o
 .comment       0x00000000       0x80 build/stm32f1xx_hal_pwr.o
 .debug_frame   0x00000000      0x148 build/stm32f1xx_hal_pwr.o
 .ARM.attributes
                0x00000000       0x33 build/stm32f1xx_hal_pwr.o
 .text          0x00000000        0x0 build/stm32f1xx_hal_flash.o
 .data          0x00000000        0x0 build/stm32f1xx_hal_flash.o
 .bss           0x00000000        0x0 build/stm32f1xx_hal_flash.o
 .text.FLASH_Program_HalfWord
                0x00000000       0x1c build/stm32f1xx_hal_flash.o
 .text.FLASH_SetErrorCode
                0x00000000       0x74 build/stm32f1xx_hal_flash.o
 .text.HAL_FLASH_Program_IT
                0x00000000       0x64 build/stm32f1xx_hal_flash.o
 .text.HAL_FLASH_EndOfOperationCallback
                0x00000000        0x2 build/stm32f1xx_hal_flash.o
 .text.HAL_FLASH_OperationErrorCallback
                0x00000000        0x2 build/stm32f1xx_hal_flash.o
 .text.HAL_FLASH_IRQHandler
                0x00000000      0x154 build/stm32f1xx_hal_flash.o
 .text.HAL_FLASH_Unlock
                0x00000000       0x34 build/stm32f1xx_hal_flash.o
 .text.HAL_FLASH_Lock
                0x00000000       0x14 build/stm32f1xx_hal_flash.o
 .text.HAL_FLASH_OB_Unlock
                0x00000000       0x28 build/stm32f1xx_hal_flash.o
 .text.HAL_FLASH_OB_Lock
                0x00000000       0x14 build/stm32f1xx_hal_flash.o
 .text.HAL_FLASH_OB_Launch
                0x00000000        0x8 build/stm32f1xx_hal_flash.o
 .text.HAL_FLASH_GetError
                0x00000000        0xc build/stm32f1xx_hal_flash.o
 .text.FLASH_WaitForLastOperation
                0x00000000       0x6c build/stm32f1xx_hal_flash.o
 .text.HAL_FLASH_Program
                0x00000000       0x9c build/stm32f1xx_hal_flash.o
 .debug_info    0x00000000     0x1048 build/stm32f1xx_hal_flash.o
 .debug_abbrev  0x00000000      0x333 build/stm32f1xx_hal_flash.o
 .debug_loc     0x00000000      0x3d7 build/stm32f1xx_hal_flash.o
 .debug_aranges
                0x00000000       0x88 build/stm32f1xx_hal_flash.o
 .debug_ranges  0x00000000       0x78 build/stm32f1xx_hal_flash.o
 .debug_line    0x00000000      0x484 build/stm32f1xx_hal_flash.o
 .debug_str     0x00000000      0x9b6 build/stm32f1xx_hal_flash.o
 .comment       0x00000000       0x80 build/stm32f1xx_hal_flash.o
 .debug_frame   0x00000000      0x150 build/stm32f1xx_hal_flash.o
 .ARM.attributes
                0x00000000       0x33 build/stm32f1xx_hal_flash.o
 COMMON         0x00000000       0x20 build/stm32f1xx_hal_flash.o
 .text          0x00000000        0x0 build/stm32f1xx_hal_flash_ex.o
 .data          0x00000000        0x0 build/stm32f1xx_hal_flash_ex.o
 .bss           0x00000000        0x0 build/stm32f1xx_hal_flash_ex.o
 .text.FLASH_MassErase
                0x00000000       0x24 build/stm32f1xx_hal_flash_ex.o
 .text.FLASH_OB_GetWRP
                0x00000000        0xc build/stm32f1xx_hal_flash_ex.o
 .text.FLASH_OB_GetRDP
                0x00000000       0x18 build/stm32f1xx_hal_flash_ex.o
 .text.FLASH_OB_GetUser
                0x00000000       0x10 build/stm32f1xx_hal_flash_ex.o
 .text.FLASH_OB_RDP_LevelConfig
                0x00000000       0x70 build/stm32f1xx_hal_flash_ex.o
 .text.FLASH_OB_UserConfig
                0x00000000       0x4c build/stm32f1xx_hal_flash_ex.o
 .text.FLASH_OB_ProgramData
                0x00000000       0x48 build/stm32f1xx_hal_flash_ex.o
 .text.HAL_FLASHEx_OBErase
                0x00000000       0x58 build/stm32f1xx_hal_flash_ex.o
 .text.FLASH_OB_EnableWRP
                0x00000000       0xc0 build/stm32f1xx_hal_flash_ex.o
 .text.FLASH_OB_DisableWRP
                0x00000000       0xc0 build/stm32f1xx_hal_flash_ex.o
 .text.HAL_FLASHEx_OBProgram
                0x00000000       0xa8 build/stm32f1xx_hal_flash_ex.o
 .text.HAL_FLASHEx_OBGetConfig
                0x00000000       0x1c build/stm32f1xx_hal_flash_ex.o
 .text.HAL_FLASHEx_OBGetUserData
                0x00000000       0x24 build/stm32f1xx_hal_flash_ex.o
 .text.FLASH_PageErase
                0x00000000       0x24 build/stm32f1xx_hal_flash_ex.o
 .text.HAL_FLASHEx_Erase
                0x00000000       0xa4 build/stm32f1xx_hal_flash_ex.o
 .text.HAL_FLASHEx_Erase_IT
                0x00000000       0x5c build/stm32f1xx_hal_flash_ex.o
 .debug_info    0x00000000     0x1464 build/stm32f1xx_hal_flash_ex.o
 .debug_abbrev  0x00000000      0x32a build/stm32f1xx_hal_flash_ex.o
 .debug_loc     0x00000000      0x9b1 build/stm32f1xx_hal_flash_ex.o
 .debug_aranges
                0x00000000       0x98 build/stm32f1xx_hal_flash_ex.o
 .debug_ranges  0x00000000       0x88 build/stm32f1xx_hal_flash_ex.o
 .debug_line    0x00000000      0x508 build/stm32f1xx_hal_flash_ex.o
 .debug_str     0x00000000      0xacc build/stm32f1xx_hal_flash_ex.o
 .comment       0x00000000       0x80 build/stm32f1xx_hal_flash_ex.o
 .debug_frame   0x00000000      0x1c8 build/stm32f1xx_hal_flash_ex.o
 .ARM.attributes
                0x00000000       0x33 build/stm32f1xx_hal_flash_ex.o
 .text          0x00000000        0x0 build/system_stm32f1xx.o
 .data          0x00000000        0x0 build/system_stm32f1xx.o
 .bss           0x00000000        0x0 build/system_stm32f1xx.o
 .text.SystemCoreClockUpdate
                0x00000000       0x94 build/system_stm32f1xx.o
 .rodata.APBPrescTable
                0x00000000        0x8 build/system_stm32f1xx.o
 .text          0x00000000       0x14 build/startup_stm32f103xb.o
 .data          0x00000000        0x0 build/startup_stm32f103xb.o
 .bss           0x00000000        0x0 build/startup_stm32f103xb.o
 .text          0x00000000        0x0 d:/development/tools/win-gcc-arm-none-eabi/bin/../lib/gcc/arm-none-eabi/7.3.1/../../../../arm-none-eabi/lib/thumb/v7-m\libc_nano.a(lib_a-exit.o)
 .data          0x00000000        0x0 d:/development/tools/win-gcc-arm-none-eabi/bin/../lib/gcc/arm-none-eabi/7.3.1/../../../../arm-none-eabi/lib/thumb/v7-m\libc_nano.a(lib_a-exit.o)
 .bss           0x00000000        0x0 d:/development/tools/win-gcc-arm-none-eabi/bin/../lib/gcc/arm-none-eabi/7.3.1/../../../../arm-none-eabi/lib/thumb/v7-m\libc_nano.a(lib_a-exit.o)
 .text.exit     0x00000000       0x28 d:/development/tools/win-gcc-arm-none-eabi/bin/../lib/gcc/arm-none-eabi/7.3.1/../../../../arm-none-eabi/lib/thumb/v7-m\libc_nano.a(lib_a-exit.o)
 .debug_frame   0x00000000       0x28 d:/development/tools/win-gcc-arm-none-eabi/bin/../lib/gcc/arm-none-eabi/7.3.1/../../../../arm-none-eabi/lib/thumb/v7-m\libc_nano.a(lib_a-exit.o)
 .ARM.attributes
                0x00000000       0x2d d:/development/tools/win-gcc-arm-none-eabi/bin/../lib/gcc/arm-none-eabi/7.3.1/../../../../arm-none-eabi/lib/thumb/v7-m\libc_nano.a(lib_a-exit.o)
 .text          0x00000000        0x0 d:/development/tools/win-gcc-arm-none-eabi/bin/../lib/gcc/arm-none-eabi/7.3.1/../../../../arm-none-eabi/lib/thumb/v7-m\libc_nano.a(lib_a-impure.o)
 .data          0x00000000        0x0 d:/development/tools/win-gcc-arm-none-eabi/bin/../lib/gcc/arm-none-eabi/7.3.1/../../../../arm-none-eabi/lib/thumb/v7-m\libc_nano.a(lib_a-impure.o)
 .bss           0x00000000        0x0 d:/development/tools/win-gcc-arm-none-eabi/bin/../lib/gcc/arm-none-eabi/7.3.1/../../../../arm-none-eabi/lib/thumb/v7-m\libc_nano.a(lib_a-impure.o)
 .data._impure_ptr
                0x00000000        0x4 d:/development/tools/win-gcc-arm-none-eabi/bin/../lib/gcc/arm-none-eabi/7.3.1/../../../../arm-none-eabi/lib/thumb/v7-m\libc_nano.a(lib_a-impure.o)
 .data.impure_data
                0x00000000       0x60 d:/development/tools/win-gcc-arm-none-eabi/bin/../lib/gcc/arm-none-eabi/7.3.1/../../../../arm-none-eabi/lib/thumb/v7-m\libc_nano.a(lib_a-impure.o)
 .rodata._global_impure_ptr
                0x00000000        0x4 d:/development/tools/win-gcc-arm-none-eabi/bin/../lib/gcc/arm-none-eabi/7.3.1/../../../../arm-none-eabi/lib/thumb/v7-m\libc_nano.a(lib_a-impure.o)
 .ARM.attributes
                0x00000000       0x2d d:/development/tools/win-gcc-arm-none-eabi/bin/../lib/gcc/arm-none-eabi/7.3.1/../../../../arm-none-eabi/lib/thumb/v7-m\libc_nano.a(lib_a-impure.o)
 .text          0x00000000        0x0 d:/development/tools/win-gcc-arm-none-eabi/bin/../lib/gcc/arm-none-eabi/7.3.1/../../../../arm-none-eabi/lib/thumb/v7-m\libc_nano.a(lib_a-init.o)
 .data          0x00000000        0x0 d:/development/tools/win-gcc-arm-none-eabi/bin/../lib/gcc/arm-none-eabi/7.3.1/../../../../arm-none-eabi/lib/thumb/v7-m\libc_nano.a(lib_a-init.o)
 .bss           0x00000000        0x0 d:/development/tools/win-gcc-arm-none-eabi/bin/../lib/gcc/arm-none-eabi/7.3.1/../../../../arm-none-eabi/lib/thumb/v7-m\libc_nano.a(lib_a-init.o)
 .text          0x00000000        0x0 d:/development/tools/win-gcc-arm-none-eabi/bin/../lib/gcc/arm-none-eabi/7.3.1/../../../../arm-none-eabi/lib/thumb/v7-m\libc_nano.a(lib_a-memset.o)
 .data          0x00000000        0x0 d:/development/tools/win-gcc-arm-none-eabi/bin/../lib/gcc/arm-none-eabi/7.3.1/../../../../arm-none-eabi/lib/thumb/v7-m\libc_nano.a(lib_a-memset.o)
 .bss           0x00000000        0x0 d:/development/tools/win-gcc-arm-none-eabi/bin/../lib/gcc/arm-none-eabi/7.3.1/../../../../arm-none-eabi/lib/thumb/v7-m\libc_nano.a(lib_a-memset.o)
 .text          0x00000000        0x0 d:/development/tools/win-gcc-arm-none-eabi/bin/../lib/gcc/arm-none-eabi/7.3.1/../../../../arm-none-eabi/lib/thumb/v7-m\libnosys.a(_exit.o)
 .data          0x00000000        0x0 d:/development/tools/win-gcc-arm-none-eabi/bin/../lib/gcc/arm-none-eabi/7.3.1/../../../../arm-none-eabi/lib/thumb/v7-m\libnosys.a(_exit.o)
 .bss           0x00000000        0x0 d:/development/tools/win-gcc-arm-none-eabi/bin/../lib/gcc/arm-none-eabi/7.3.1/../../../../arm-none-eabi/lib/thumb/v7-m\libnosys.a(_exit.o)
 .text._exit    0x00000000        0x4 d:/development/tools/win-gcc-arm-none-eabi/bin/../lib/gcc/arm-none-eabi/7.3.1/../../../../arm-none-eabi/lib/thumb/v7-m\libnosys.a(_exit.o)
 .debug_frame   0x00000000       0x20 d:/development/tools/win-gcc-arm-none-eabi/bin/../lib/gcc/arm-none-eabi/7.3.1/../../../../arm-none-eabi/lib/thumb/v7-m\libnosys.a(_exit.o)
 .ARM.attributes
                0x00000000       0x2d d:/development/tools/win-gcc-arm-none-eabi/bin/../lib/gcc/arm-none-eabi/7.3.1/../../../../arm-none-eabi/lib/thumb/v7-m\libnosys.a(_exit.o)
 .text          0x00000000        0x0 d:/development/tools/win-gcc-arm-none-eabi/bin/../lib/gcc/arm-none-eabi/7.3.1/thumb/v7-m/crtend.o
 .data          0x00000000        0x0 d:/development/tools/win-gcc-arm-none-eabi/bin/../lib/gcc/arm-none-eabi/7.3.1/thumb/v7-m/crtend.o
 .bss           0x00000000        0x0 d:/development/tools/win-gcc-arm-none-eabi/bin/../lib/gcc/arm-none-eabi/7.3.1/thumb/v7-m/crtend.o
 .eh_frame      0x00000000        0x4 d:/development/tools/win-gcc-arm-none-eabi/bin/../lib/gcc/arm-none-eabi/7.3.1/thumb/v7-m/crtend.o
 .ARM.attributes
                0x00000000       0x2d d:/development/tools/win-gcc-arm-none-eabi/bin/../lib/gcc/arm-none-eabi/7.3.1/thumb/v7-m/crtend.o
 .text          0x00000000        0x0 d:/development/tools/win-gcc-arm-none-eabi/bin/../lib/gcc/arm-none-eabi/7.3.1/thumb/v7-m/crtn.o
 .data          0x00000000        0x0 d:/development/tools/win-gcc-arm-none-eabi/bin/../lib/gcc/arm-none-eabi/7.3.1/thumb/v7-m/crtn.o
 .bss           0x00000000        0x0 d:/development/tools/win-gcc-arm-none-eabi/bin/../lib/gcc/arm-none-eabi/7.3.1/thumb/v7-m/crtn.o

Memory Configuration

Name             Origin             Length             Attributes
RAM              0x20000000         0x00005000         xrw
FLASH            0x08000000         0x00010000         xr
*default*        0x00000000         0xffffffff

Linker script and memory map

LOAD d:/development/tools/win-gcc-arm-none-eabi/bin/../lib/gcc/arm-none-eabi/7.3.1/thumb/v7-m/crti.o
LOAD d:/development/tools/win-gcc-arm-none-eabi/bin/../lib/gcc/arm-none-eabi/7.3.1/thumb/v7-m/crtbegin.o
LOAD d:/development/tools/win-gcc-arm-none-eabi/bin/../lib/gcc/arm-none-eabi/7.3.1/../../../../arm-none-eabi/lib/thumb/v7-m/crt0.o
LOAD build/main.o
LOAD build/stm32f1xx_it.o
LOAD build/stm32f1xx_hal_msp.o
LOAD build/stm32f1xx_hal_gpio_ex.o
LOAD build/stm32f1xx_hal_tim.o
LOAD build/stm32f1xx_hal_tim_ex.o
LOAD build/stm32f1xx_hal.o
LOAD build/stm32f1xx_hal_rcc.o
LOAD build/stm32f1xx_hal_rcc_ex.o
LOAD build/stm32f1xx_hal_gpio.o
LOAD build/stm32f1xx_hal_dma.o
LOAD build/stm32f1xx_hal_cortex.o
LOAD build/stm32f1xx_hal_pwr.o
LOAD build/stm32f1xx_hal_flash.o
LOAD build/stm32f1xx_hal_flash_ex.o
LOAD build/system_stm32f1xx.o
LOAD build/startup_stm32f103xb.o
LOAD d:/development/tools/win-gcc-arm-none-eabi/bin/../lib/gcc/arm-none-eabi/7.3.1/../../../../arm-none-eabi/lib/thumb/v7-m\libc_nano.a
LOAD d:/development/tools/win-gcc-arm-none-eabi/bin/../lib/gcc/arm-none-eabi/7.3.1/../../../../arm-none-eabi/lib/thumb/v7-m\libm.a
LOAD d:/development/tools/win-gcc-arm-none-eabi/bin/../lib/gcc/arm-none-eabi/7.3.1/../../../../arm-none-eabi/lib/thumb/v7-m\libnosys.a
START GROUP
LOAD d:/development/tools/win-gcc-arm-none-eabi/bin/../lib/gcc/arm-none-eabi/7.3.1/thumb/v7-m\libgcc.a
LOAD d:/development/tools/win-gcc-arm-none-eabi/bin/../lib/gcc/arm-none-eabi/7.3.1/../../../../arm-none-eabi/lib/thumb/v7-m\libc_nano.a
END GROUP
START GROUP
LOAD d:/development/tools/win-gcc-arm-none-eabi/bin/../lib/gcc/arm-none-eabi/7.3.1/thumb/v7-m\libgcc.a
LOAD d:/development/tools/win-gcc-arm-none-eabi/bin/../lib/gcc/arm-none-eabi/7.3.1/../../../../arm-none-eabi/lib/thumb/v7-m\libc_nano.a
END GROUP
LOAD d:/development/tools/win-gcc-arm-none-eabi/bin/../lib/gcc/arm-none-eabi/7.3.1/thumb/v7-m/crtend.o
LOAD d:/development/tools/win-gcc-arm-none-eabi/bin/../lib/gcc/arm-none-eabi/7.3.1/thumb/v7-m/crtn.o
                0x20005000                _estack = 0x20005000
                0x00000200                _Min_Heap_Size = 0x200
                0x00000400                _Min_Stack_Size = 0x400

.isr_vector     0x08000000      0x10c
                0x08000000                . = ALIGN (0x4)
 *(.isr_vector)
 .isr_vector    0x08000000      0x10c build/startup_stm32f103xb.o
                0x08000000                g_pfnVectors
                0x0800010c                . = ALIGN (0x4)

.text           0x0800010c      0x954
                0x0800010c                . = ALIGN (0x4)
 *(.text)
 .text          0x0800010c       0x40 d:/development/tools/win-gcc-arm-none-eabi/bin/../lib/gcc/arm-none-eabi/7.3.1/thumb/v7-m/crtbegin.o
 *(.text*)
 .text.SystemClock_Config
                0x0800014c       0x44 build/main.o
                0x0800014c                SystemClock_Config
 .text.main     0x08000190        0xc build/main.o
                0x08000190                main
 .text.NMI_Handler
                0x0800019c        0x2 build/stm32f1xx_it.o
                0x0800019c                NMI_Handler
 .text.HardFault_Handler
                0x0800019e        0x2 build/stm32f1xx_it.o
                0x0800019e                HardFault_Handler
 .text.MemManage_Handler
                0x080001a0        0x2 build/stm32f1xx_it.o
                0x080001a0                MemManage_Handler
 .text.BusFault_Handler
                0x080001a2        0x2 build/stm32f1xx_it.o
                0x080001a2                BusFault_Handler
 .text.UsageFault_Handler
                0x080001a4        0x2 build/stm32f1xx_it.o
                0x080001a4                UsageFault_Handler
 .text.SVC_Handler
                0x080001a6        0x2 build/stm32f1xx_it.o
                0x080001a6                SVC_Handler
 .text.DebugMon_Handler
                0x080001a8        0x2 build/stm32f1xx_it.o
                0x080001a8                DebugMon_Handler
 .text.PendSV_Handler
                0x080001aa        0x2 build/stm32f1xx_it.o
                0x080001aa                PendSV_Handler
 .text.SysTick_Handler
                0x080001ac        0x8 build/stm32f1xx_it.o
                0x080001ac                SysTick_Handler
 .text.HAL_MspInit
                0x080001b4       0x44 build/stm32f1xx_hal_msp.o
                0x080001b4                HAL_MspInit
 .text.HAL_InitTick
                0x080001f8       0x4c build/stm32f1xx_hal.o
                0x080001f8                HAL_InitTick
 .text.HAL_Init
                0x08000244       0x24 build/stm32f1xx_hal.o
                0x08000244                HAL_Init
 .text.HAL_IncTick
                0x08000268       0x18 build/stm32f1xx_hal.o
                0x08000268                HAL_IncTick
 .text.HAL_GetTick
                0x08000280        0xc build/stm32f1xx_hal.o
                0x08000280                HAL_GetTick
 .text.RCC_Delay
                0x0800028c       0x2c build/stm32f1xx_hal_rcc.o
 .text.HAL_RCC_OscConfig
                0x080002b8      0x3dc build/stm32f1xx_hal_rcc.o
                0x080002b8                HAL_RCC_OscConfig
 .text.HAL_RCC_GetSysClockFreq
                0x08000694       0x70 build/stm32f1xx_hal_rcc.o
                0x08000694                HAL_RCC_GetSysClockFreq
 .text.HAL_RCC_ClockConfig
                0x08000704      0x19c build/stm32f1xx_hal_rcc.o
                0x08000704                HAL_RCC_ClockConfig
 .text.HAL_NVIC_SetPriorityGrouping
                0x080008a0       0x24 build/stm32f1xx_hal_cortex.o
                0x080008a0                HAL_NVIC_SetPriorityGrouping
 .text.HAL_NVIC_SetPriority
                0x080008c4       0x68 build/stm32f1xx_hal_cortex.o
                0x080008c4                HAL_NVIC_SetPriority
 .text.HAL_SYSTICK_Config
                0x0800092c       0x2c build/stm32f1xx_hal_cortex.o
                0x0800092c                HAL_SYSTICK_Config
 .text.SystemInit
                0x08000958       0x4c build/system_stm32f1xx.o
                0x08000958                SystemInit
 .text.Reset_Handler
                0x080009a4       0x48 build/startup_stm32f103xb.o
                0x080009a4                Reset_Handler
 .text.Default_Handler
                0x080009ec        0x2 build/startup_stm32f103xb.o
                0x080009ec                RTC_Alarm_IRQHandler
                0x080009ec                EXTI2_IRQHandler
                0x080009ec                TIM1_CC_IRQHandler
                0x080009ec                PVD_IRQHandler
                0x080009ec                EXTI3_IRQHandler
                0x080009ec                EXTI0_IRQHandler
                0x080009ec                I2C2_EV_IRQHandler
                0x080009ec                ADC1_2_IRQHandler
                0x080009ec                SPI1_IRQHandler
                0x080009ec                TAMPER_IRQHandler
                0x080009ec                DMA1_Channel4_IRQHandler
                0x080009ec                USART3_IRQHandler
                0x080009ec                RTC_IRQHandler
                0x080009ec                DMA1_Channel7_IRQHandler
                0x080009ec                CAN1_RX1_IRQHandler
                0x080009ec                TIM4_IRQHandler
                0x080009ec                I2C1_EV_IRQHandler
                0x080009ec                DMA1_Channel6_IRQHandler
                0x080009ec                TIM3_IRQHandler
                0x080009ec                RCC_IRQHandler
                0x080009ec                TIM1_TRG_COM_IRQHandler
                0x080009ec                DMA1_Channel1_IRQHandler
                0x080009ec                Default_Handler
                0x080009ec                EXTI15_10_IRQHandler
                0x080009ec                EXTI9_5_IRQHandler
                0x080009ec                SPI2_IRQHandler
                0x080009ec                DMA1_Channel5_IRQHandler
                0x080009ec                EXTI4_IRQHandler
                0x080009ec                USB_LP_CAN1_RX0_IRQHandler
                0x080009ec                USB_HP_CAN1_TX_IRQHandler
                0x080009ec                DMA1_Channel3_IRQHandler
                0x080009ec                TIM1_UP_IRQHandler
                0x080009ec                WWDG_IRQHandler
                0x080009ec                TIM2_IRQHandler
                0x080009ec                TIM1_BRK_IRQHandler
                0x080009ec                EXTI1_IRQHandler
                0x080009ec                USART2_IRQHandler
                0x080009ec                I2C2_ER_IRQHandler
                0x080009ec                DMA1_Channel2_IRQHandler
                0x080009ec                CAN1_SCE_IRQHandler
                0x080009ec                FLASH_IRQHandler
                0x080009ec                USART1_IRQHandler
                0x080009ec                I2C1_ER_IRQHandler
                0x080009ec                USBWakeUp_IRQHandler
 *fill*         0x080009ee        0x2 
 .text.__libc_init_array
                0x080009f0       0x48 d:/development/tools/win-gcc-arm-none-eabi/bin/../lib/gcc/arm-none-eabi/7.3.1/../../../../arm-none-eabi/lib/thumb/v7-m\libc_nano.a(lib_a-init.o)
                0x080009f0                __libc_init_array
 .text.memset   0x08000a38       0x10 d:/development/tools/win-gcc-arm-none-eabi/bin/../lib/gcc/arm-none-eabi/7.3.1/../../../../arm-none-eabi/lib/thumb/v7-m\libc_nano.a(lib_a-memset.o)
                0x08000a38                memset
 *(.glue_7)
 .glue_7        0x08000a48        0x0 linker stubs
 *(.glue_7t)
 .glue_7t       0x08000a48        0x0 linker stubs
 *(.eh_frame)
 .eh_frame      0x08000a48        0x0 d:/development/tools/win-gcc-arm-none-eabi/bin/../lib/gcc/arm-none-eabi/7.3.1/thumb/v7-m/crtbegin.o
 *(.init)
 .init          0x08000a48        0x4 d:/development/tools/win-gcc-arm-none-eabi/bin/../lib/gcc/arm-none-eabi/7.3.1/thumb/v7-m/crti.o
                0x08000a48                _init
 .init          0x08000a4c        0x8 d:/development/tools/win-gcc-arm-none-eabi/bin/../lib/gcc/arm-none-eabi/7.3.1/thumb/v7-m/crtn.o
 *(.fini)
 .fini          0x08000a54        0x4 d:/development/tools/win-gcc-arm-none-eabi/bin/../lib/gcc/arm-none-eabi/7.3.1/thumb/v7-m/crti.o
                0x08000a54                _fini
 .fini          0x08000a58        0x8 d:/development/tools/win-gcc-arm-none-eabi/bin/../lib/gcc/arm-none-eabi/7.3.1/thumb/v7-m/crtn.o
                0x08000a60                . = ALIGN (0x4)
                0x08000a60                _etext = .

.vfp11_veneer   0x08000a60        0x0
 .vfp11_veneer  0x08000a60        0x0 linker stubs

.v4_bx          0x08000a60        0x0
 .v4_bx         0x08000a60        0x0 linker stubs

.iplt           0x08000a60        0x0
 .iplt          0x08000a60        0x0 d:/development/tools/win-gcc-arm-none-eabi/bin/../lib/gcc/arm-none-eabi/7.3.1/thumb/v7-m/crtbegin.o

.rodata         0x08000a60       0x24
                0x08000a60                . = ALIGN (0x4)
 *(.rodata)
 .rodata        0x08000a60       0x12 build/stm32f1xx_hal_rcc.o
 *(.rodata*)
 *fill*         0x08000a72        0x2 
 .rodata.AHBPrescTable
                0x08000a74       0x10 build/system_stm32f1xx.o
                0x08000a74                AHBPrescTable
                0x08000a84                . = ALIGN (0x4)

.rel.dyn        0x08000a84        0x0
 .rel.iplt      0x08000a84        0x0 d:/development/tools/win-gcc-arm-none-eabi/bin/../lib/gcc/arm-none-eabi/7.3.1/thumb/v7-m/crtbegin.o

.ARM.extab
 *(.ARM.extab* .gnu.linkonce.armextab.*)

.ARM            0x08000a84        0x0
                0x08000a84                __exidx_start = .
 *(.ARM.exidx*)
                0x08000a84                __exidx_end = .

.preinit_array  0x08000a84        0x0
                0x08000a84                PROVIDE (__preinit_array_start = .)
 *(.preinit_array*)
                0x08000a84                PROVIDE (__preinit_array_end = .)

.init_array     0x08000a84        0x4
                0x08000a84                PROVIDE (__init_array_start = .)
 *(SORT_BY_NAME(.init_array.*))
 *(.init_array*)
 .init_array    0x08000a84        0x4 d:/development/tools/win-gcc-arm-none-eabi/bin/../lib/gcc/arm-none-eabi/7.3.1/thumb/v7-m/crtbegin.o
                0x08000a88                PROVIDE (__init_array_end = .)

.fini_array     0x08000a88        0x4
                [!provide]                PROVIDE (__fini_array_start = .)
 *(SORT_BY_NAME(.fini_array.*))
 *(.fini_array*)
 .fini_array    0x08000a88        0x4 d:/development/tools/win-gcc-arm-none-eabi/bin/../lib/gcc/arm-none-eabi/7.3.1/thumb/v7-m/crtbegin.o
                [!provide]                PROVIDE (__fini_array_end = .)
                0x08000a8c                _sidata = LOADADDR (.data)

.data           0x20000000        0xc load address 0x08000a8c
                0x20000000                . = ALIGN (0x4)
                0x20000000                _sdata = .
 *(.data)
 *(.data*)
 .data.uwTickFreq
                0x20000000        0x1 build/stm32f1xx_hal.o
                0x20000000                uwTickFreq
 *fill*         0x20000001        0x3 
 .data.uwTickPrio
                0x20000004        0x4 build/stm32f1xx_hal.o
                0x20000004                uwTickPrio
 .data.SystemCoreClock
                0x20000008        0x4 build/system_stm32f1xx.o
                0x20000008                SystemCoreClock
                0x2000000c                . = ALIGN (0x4)
                0x2000000c                _edata = .

.igot.plt       0x2000000c        0x0 load address 0x08000a98
 .igot.plt      0x2000000c        0x0 d:/development/tools/win-gcc-arm-none-eabi/bin/../lib/gcc/arm-none-eabi/7.3.1/thumb/v7-m/crtbegin.o
                0x2000000c                . = ALIGN (0x4)

.bss            0x2000000c       0x20 load address 0x08000a98
                0x2000000c                _sbss = .
                0x2000000c                __bss_start__ = _sbss
 *(.bss)
 .bss           0x2000000c       0x1c d:/development/tools/win-gcc-arm-none-eabi/bin/../lib/gcc/arm-none-eabi/7.3.1/thumb/v7-m/crtbegin.o
 *(.bss*)
 *(COMMON)
 COMMON         0x20000028        0x4 build/stm32f1xx_hal.o
                0x20000028                uwTick
                0x2000002c                . = ALIGN (0x4)
                0x2000002c                _ebss = .
                0x2000002c                __bss_end__ = _ebss

._user_heap_stack
                0x2000002c      0x604 load address 0x08000a98
                0x20000030                . = ALIGN (0x8)
 *fill*         0x2000002c        0x4 
                [!provide]                PROVIDE (end = .)
                [!provide]                PROVIDE (_end = .)
                0x20000230                . = (. + _Min_Heap_Size)
 *fill*         0x20000030      0x200 
                0x20000630                . = (. + _Min_Stack_Size)
 *fill*         0x20000230      0x400 
                0x20000630                . = ALIGN (0x8)

/DISCARD/
 libc.a(*)
 libm.a(*)
 libgcc.a(*)

.ARM.attributes
                0x00000000       0x29
 *(.ARM.attributes)
 .ARM.attributes
                0x00000000       0x1d d:/development/tools/win-gcc-arm-none-eabi/bin/../lib/gcc/arm-none-eabi/7.3.1/thumb/v7-m/crti.o
 .ARM.attributes
                0x0000001d       0x2d d:/development/tools/win-gcc-arm-none-eabi/bin/../lib/gcc/arm-none-eabi/7.3.1/thumb/v7-m/crtbegin.o
 .ARM.attributes
                0x0000004a       0x33 build/main.o
 .ARM.attributes
                0x0000007d       0x33 build/stm32f1xx_it.o
 .ARM.attributes
                0x000000b0       0x33 build/stm32f1xx_hal_msp.o
 .ARM.attributes
                0x000000e3       0x33 build/stm32f1xx_hal.o
 .ARM.attributes
                0x00000116       0x33 build/stm32f1xx_hal_rcc.o
 .ARM.attributes
                0x00000149       0x33 build/stm32f1xx_hal_cortex.o
 .ARM.attributes
                0x0000017c       0x33 build/system_stm32f1xx.o
 .ARM.attributes
                0x000001af       0x21 build/startup_stm32f103xb.o
 .ARM.attributes
                0x000001d0       0x2d d:/development/tools/win-gcc-arm-none-eabi/bin/../lib/gcc/arm-none-eabi/7.3.1/../../../../arm-none-eabi/lib/thumb/v7-m\libc_nano.a(lib_a-init.o)
 .ARM.attributes
                0x000001fd       0x2d d:/development/tools/win-gcc-arm-none-eabi/bin/../lib/gcc/arm-none-eabi/7.3.1/../../../../arm-none-eabi/lib/thumb/v7-m\libc_nano.a(lib_a-memset.o)
 .ARM.attributes
                0x0000022a       0x1d d:/development/tools/win-gcc-arm-none-eabi/bin/../lib/gcc/arm-none-eabi/7.3.1/thumb/v7-m/crtn.o
OUTPUT(build/APC.elf elf32-littlearm)

.debug_info     0x00000000     0x6cfd
 .debug_info    0x00000000      0xcbb build/main.o
 .debug_info    0x00000cbb      0xb49 build/stm32f1xx_it.o
 .debug_info    0x00001804      0xbfb build/stm32f1xx_hal_msp.o
 .debug_info    0x000023ff     0x113a build/stm32f1xx_hal.o
 .debug_info    0x00003539     0x13cd build/stm32f1xx_hal_rcc.o
 .debug_info    0x00004906     0x1646 build/stm32f1xx_hal_cortex.o
 .debug_info    0x00005f4c      0xd8f build/system_stm32f1xx.o
 .debug_info    0x00006cdb       0x22 build/startup_stm32f103xb.o

.debug_abbrev   0x00000000     0x1234
 .debug_abbrev  0x00000000      0x256 build/main.o
 .debug_abbrev  0x00000256      0x1e3 build/stm32f1xx_it.o
 .debug_abbrev  0x00000439      0x1de build/stm32f1xx_hal_msp.o
 .debug_abbrev  0x00000617      0x2fd build/stm32f1xx_hal.o
 .debug_abbrev  0x00000914      0x332 build/stm32f1xx_hal_rcc.o
 .debug_abbrev  0x00000c46      0x3d3 build/stm32f1xx_hal_cortex.o
 .debug_abbrev  0x00001019      0x209 build/system_stm32f1xx.o
 .debug_abbrev  0x00001222       0x12 build/startup_stm32f103xb.o

.debug_loc      0x00000000      0xfec
 .debug_loc     0x00000000       0x59 build/main.o
 .debug_loc     0x00000059       0x20 build/stm32f1xx_it.o
 .debug_loc     0x00000079       0x2c build/stm32f1xx_hal_msp.o
 .debug_loc     0x000000a5      0x19d build/stm32f1xx_hal.o
 .debug_loc     0x00000242      0x68e build/stm32f1xx_hal_rcc.o
 .debug_loc     0x000008d0      0x63d build/stm32f1xx_hal_cortex.o
 .debug_loc     0x00000f0d       0xdf build/system_stm32f1xx.o

.debug_aranges  0x00000000      0x2f0
 .debug_aranges
                0x00000000       0x30 build/main.o
 .debug_aranges
                0x00000030       0x60 build/stm32f1xx_it.o
 .debug_aranges
                0x00000090       0x20 build/stm32f1xx_hal_msp.o
 .debug_aranges
                0x000000b0       0xd0 build/stm32f1xx_hal.o
 .debug_aranges
                0x00000180       0x90 build/stm32f1xx_hal_rcc.o
 .debug_aranges
                0x00000210       0x90 build/stm32f1xx_hal_cortex.o
 .debug_aranges
                0x000002a0       0x28 build/system_stm32f1xx.o
 .debug_aranges
                0x000002c8       0x28 build/startup_stm32f103xb.o

.debug_ranges   0x00000000      0x2f8
 .debug_ranges  0x00000000       0x20 build/main.o
 .debug_ranges  0x00000020       0x50 build/stm32f1xx_it.o
 .debug_ranges  0x00000070       0x10 build/stm32f1xx_hal_msp.o
 .debug_ranges  0x00000080       0xc0 build/stm32f1xx_hal.o
 .debug_ranges  0x00000140       0xa0 build/stm32f1xx_hal_rcc.o
 .debug_ranges  0x000001e0       0xe0 build/stm32f1xx_hal_cortex.o
 .debug_ranges  0x000002c0       0x18 build/system_stm32f1xx.o
 .debug_ranges  0x000002d8       0x20 build/startup_stm32f103xb.o

.debug_line     0x00000000     0x17b2
 .debug_line    0x00000000      0x289 build/main.o
 .debug_line    0x00000289      0x291 build/stm32f1xx_it.o
 .debug_line    0x0000051a      0x225 build/stm32f1xx_hal_msp.o
 .debug_line    0x0000073f      0x410 build/stm32f1xx_hal.o
 .debug_line    0x00000b4f      0x57b build/stm32f1xx_hal_rcc.o
 .debug_line    0x000010ca      0x406 build/stm32f1xx_hal_cortex.o
 .debug_line    0x000014d0      0x270 build/system_stm32f1xx.o
 .debug_line    0x00001740       0x72 build/startup_stm32f103xb.o

.debug_str      0x00000000     0x137f
 .debug_str     0x00000000      0x756 build/main.o
                                0x7ce (size before relaxing)
 .debug_str     0x00000756       0xb4 build/stm32f1xx_it.o
                                0x6cf (size before relaxing)
 .debug_str     0x0000080a       0x9d build/stm32f1xx_hal_msp.o
                                0x6b8 (size before relaxing)
 .debug_str     0x000008a7      0x559 build/stm32f1xx_hal.o
                                0xc0a (size before relaxing)
 .debug_str     0x00000e00      0x23e build/stm32f1xx_hal_rcc.o
                                0xa76 (size before relaxing)
 .debug_str     0x0000103e      0x2ce build/stm32f1xx_hal_cortex.o
                                0xd32 (size before relaxing)
 .debug_str     0x0000130c       0x4f build/system_stm32f1xx.o
                                0x70d (size before relaxing)
 .debug_str     0x0000135b       0x24 build/startup_stm32f103xb.o
                                 0x4d (size before relaxing)

.comment        0x00000000       0x7f
 .comment       0x00000000       0x7f build/main.o
                                 0x80 (size before relaxing)
 .comment       0x0000007f       0x80 build/stm32f1xx_it.o
 .comment       0x0000007f       0x80 build/stm32f1xx_hal_msp.o
 .comment       0x0000007f       0x80 build/stm32f1xx_hal.o
 .comment       0x0000007f       0x80 build/stm32f1xx_hal_rcc.o
 .comment       0x0000007f       0x80 build/stm32f1xx_hal_cortex.o
 .comment       0x0000007f       0x80 build/system_stm32f1xx.o

.debug_frame    0x00000000      0x63c
 .debug_frame   0x00000000       0x5c build/main.o
 .debug_frame   0x0000005c       0xac build/stm32f1xx_it.o
 .debug_frame   0x00000108       0x28 build/stm32f1xx_hal_msp.o
 .debug_frame   0x00000130      0x1c0 build/stm32f1xx_hal.o
 .debug_frame   0x000002f0      0x194 build/stm32f1xx_hal_rcc.o
 .debug_frame   0x00000484      0x13c build/stm32f1xx_hal_cortex.o
 .debug_frame   0x000005c0       0x30 build/system_stm32f1xx.o
 .debug_frame   0x000005f0       0x2c d:/development/tools/win-gcc-arm-none-eabi/bin/../lib/gcc/arm-none-eabi/7.3.1/../../../../arm-none-eabi/lib/thumb/v7-m\libc_nano.a(lib_a-init.o)
 .debug_frame   0x0000061c       0x20 d:/development/tools/win-gcc-arm-none-eabi/bin/../lib/gcc/arm-none-eabi/7.3.1/../../../../arm-none-eabi/lib/thumb/v7-m\libc_nano.a(lib_a-memset.o)

Cross Reference Table

Symbol                                            File
ADC1_2_IRQHandler                                 build/startup_stm32f103xb.o
AHBPrescTable                                     build/system_stm32f1xx.o
                                                  build/stm32f1xx_hal_rcc.o
APBPrescTable                                     build/system_stm32f1xx.o
                                                  build/stm32f1xx_hal_rcc.o
BusFault_Handler                                  build/stm32f1xx_it.o
CAN1_RX1_IRQHandler                               build/startup_stm32f103xb.o
CAN1_SCE_IRQHandler                               build/startup_stm32f103xb.o
DMA1_Channel1_IRQHandler                          build/startup_stm32f103xb.o
DMA1_Channel2_IRQHandler                          build/startup_stm32f103xb.o
DMA1_Channel3_IRQHandler                          build/startup_stm32f103xb.o
DMA1_Channel4_IRQHandler                          build/startup_stm32f103xb.o
DMA1_Channel5_IRQHandler                          build/startup_stm32f103xb.o
DMA1_Channel6_IRQHandler                          build/startup_stm32f103xb.o
DMA1_Channel7_IRQHandler                          build/startup_stm32f103xb.o
DebugMon_Handler                                  build/stm32f1xx_it.o
Default_Handler                                   build/startup_stm32f103xb.o
EXTI0_IRQHandler                                  build/startup_stm32f103xb.o
EXTI15_10_IRQHandler                              build/startup_stm32f103xb.o
EXTI1_IRQHandler                                  build/startup_stm32f103xb.o
EXTI2_IRQHandler                                  build/startup_stm32f103xb.o
EXTI3_IRQHandler                                  build/startup_stm32f103xb.o
EXTI4_IRQHandler                                  build/startup_stm32f103xb.o
EXTI9_5_IRQHandler                                build/startup_stm32f103xb.o
Error_Handler                                     build/main.o
FLASH_IRQHandler                                  build/startup_stm32f103xb.o
FLASH_PageErase                                   build/stm32f1xx_hal_flash_ex.o
                                                  build/stm32f1xx_hal_flash.o
FLASH_WaitForLastOperation                        build/stm32f1xx_hal_flash.o
                                                  build/stm32f1xx_hal_flash_ex.o
HAL_DBGMCU_DisableDBGSleepMode                    build/stm32f1xx_hal.o
HAL_DBGMCU_DisableDBGStandbyMode                  build/stm32f1xx_hal.o
HAL_DBGMCU_DisableDBGStopMode                     build/stm32f1xx_hal.o
HAL_DBGMCU_EnableDBGSleepMode                     build/stm32f1xx_hal.o
HAL_DBGMCU_EnableDBGStandbyMode                   build/stm32f1xx_hal.o
HAL_DBGMCU_EnableDBGStopMode                      build/stm32f1xx_hal.o
HAL_DMA_Abort                                     build/stm32f1xx_hal_dma.o
HAL_DMA_Abort_IT                                  build/stm32f1xx_hal_dma.o
HAL_DMA_DeInit                                    build/stm32f1xx_hal_dma.o
HAL_DMA_GetError                                  build/stm32f1xx_hal_dma.o
HAL_DMA_GetState                                  build/stm32f1xx_hal_dma.o
HAL_DMA_IRQHandler                                build/stm32f1xx_hal_dma.o
HAL_DMA_Init                                      build/stm32f1xx_hal_dma.o
HAL_DMA_PollForTransfer                           build/stm32f1xx_hal_dma.o
HAL_DMA_RegisterCallback                          build/stm32f1xx_hal_dma.o
HAL_DMA_Start                                     build/stm32f1xx_hal_dma.o
HAL_DMA_Start_IT                                  build/stm32f1xx_hal_dma.o
HAL_DMA_UnRegisterCallback                        build/stm32f1xx_hal_dma.o
HAL_DeInit                                        build/stm32f1xx_hal.o
HAL_Delay                                         build/stm32f1xx_hal.o
HAL_FLASHEx_Erase                                 build/stm32f1xx_hal_flash_ex.o
HAL_FLASHEx_Erase_IT                              build/stm32f1xx_hal_flash_ex.o
HAL_FLASHEx_OBErase                               build/stm32f1xx_hal_flash_ex.o
HAL_FLASHEx_OBGetConfig                           build/stm32f1xx_hal_flash_ex.o
HAL_FLASHEx_OBGetUserData                         build/stm32f1xx_hal_flash_ex.o
HAL_FLASHEx_OBProgram                             build/stm32f1xx_hal_flash_ex.o
HAL_FLASH_EndOfOperationCallback                  build/stm32f1xx_hal_flash.o
HAL_FLASH_GetError                                build/stm32f1xx_hal_flash.o
HAL_FLASH_IRQHandler                              build/stm32f1xx_hal_flash.o
HAL_FLASH_Lock                                    build/stm32f1xx_hal_flash.o
HAL_FLASH_OB_Launch                               build/stm32f1xx_hal_flash.o
HAL_FLASH_OB_Lock                                 build/stm32f1xx_hal_flash.o
HAL_FLASH_OB_Unlock                               build/stm32f1xx_hal_flash.o
HAL_FLASH_OperationErrorCallback                  build/stm32f1xx_hal_flash.o
HAL_FLASH_Program                                 build/stm32f1xx_hal_flash.o
HAL_FLASH_Program_IT                              build/stm32f1xx_hal_flash.o
HAL_FLASH_Unlock                                  build/stm32f1xx_hal_flash.o
HAL_GPIOEx_ConfigEventout                         build/stm32f1xx_hal_gpio_ex.o
HAL_GPIOEx_DisableEventout                        build/stm32f1xx_hal_gpio_ex.o
HAL_GPIOEx_EnableEventout                         build/stm32f1xx_hal_gpio_ex.o
HAL_GPIO_DeInit                                   build/stm32f1xx_hal_gpio.o
HAL_GPIO_EXTI_Callback                            build/stm32f1xx_hal_gpio.o
HAL_GPIO_EXTI_IRQHandler                          build/stm32f1xx_hal_gpio.o
HAL_GPIO_Init                                     build/stm32f1xx_hal_gpio.o
                                                  build/stm32f1xx_hal_rcc.o
HAL_GPIO_LockPin                                  build/stm32f1xx_hal_gpio.o
HAL_GPIO_ReadPin                                  build/stm32f1xx_hal_gpio.o
HAL_GPIO_TogglePin                                build/stm32f1xx_hal_gpio.o
HAL_GPIO_WritePin                                 build/stm32f1xx_hal_gpio.o
HAL_GetDEVID                                      build/stm32f1xx_hal.o
HAL_GetHalVersion                                 build/stm32f1xx_hal.o
HAL_GetREVID                                      build/stm32f1xx_hal.o
HAL_GetTick                                       build/stm32f1xx_hal.o
                                                  build/stm32f1xx_hal_flash.o
                                                  build/stm32f1xx_hal_dma.o
                                                  build/stm32f1xx_hal_rcc_ex.o
                                                  build/stm32f1xx_hal_rcc.o
HAL_GetTickFreq                                   build/stm32f1xx_hal.o
HAL_GetTickPrio                                   build/stm32f1xx_hal.o
HAL_GetUID                                        build/stm32f1xx_hal.o
HAL_IncTick                                       build/stm32f1xx_hal.o
                                                  build/stm32f1xx_it.o
HAL_Init                                          build/stm32f1xx_hal.o
                                                  build/main.o
HAL_InitTick                                      build/stm32f1xx_hal.o
                                                  build/stm32f1xx_hal_rcc.o
HAL_MspDeInit                                     build/stm32f1xx_hal.o
HAL_MspInit                                       build/stm32f1xx_hal_msp.o
HAL_NVIC_ClearPendingIRQ                          build/stm32f1xx_hal_cortex.o
HAL_NVIC_DisableIRQ                               build/stm32f1xx_hal_cortex.o
HAL_NVIC_EnableIRQ                                build/stm32f1xx_hal_cortex.o
HAL_NVIC_GetActive                                build/stm32f1xx_hal_cortex.o
HAL_NVIC_GetPendingIRQ                            build/stm32f1xx_hal_cortex.o
HAL_NVIC_GetPriority                              build/stm32f1xx_hal_cortex.o
HAL_NVIC_GetPriorityGrouping                      build/stm32f1xx_hal_cortex.o
HAL_NVIC_SetPendingIRQ                            build/stm32f1xx_hal_cortex.o
HAL_NVIC_SetPriority                              build/stm32f1xx_hal_cortex.o
                                                  build/stm32f1xx_hal.o
HAL_NVIC_SetPriorityGrouping                      build/stm32f1xx_hal_cortex.o
                                                  build/stm32f1xx_hal.o
HAL_NVIC_SystemReset                              build/stm32f1xx_hal_cortex.o
                                                  build/stm32f1xx_hal_flash.o
HAL_PWR_ConfigPVD                                 build/stm32f1xx_hal_pwr.o
HAL_PWR_DeInit                                    build/stm32f1xx_hal_pwr.o
HAL_PWR_DisableBkUpAccess                         build/stm32f1xx_hal_pwr.o
HAL_PWR_DisablePVD                                build/stm32f1xx_hal_pwr.o
HAL_PWR_DisableSEVOnPend                          build/stm32f1xx_hal_pwr.o
HAL_PWR_DisableSleepOnExit                        build/stm32f1xx_hal_pwr.o
HAL_PWR_DisableWakeUpPin                          build/stm32f1xx_hal_pwr.o
HAL_PWR_EnableBkUpAccess                          build/stm32f1xx_hal_pwr.o
HAL_PWR_EnablePVD                                 build/stm32f1xx_hal_pwr.o
HAL_PWR_EnableSEVOnPend                           build/stm32f1xx_hal_pwr.o
HAL_PWR_EnableSleepOnExit                         build/stm32f1xx_hal_pwr.o
HAL_PWR_EnableWakeUpPin                           build/stm32f1xx_hal_pwr.o
HAL_PWR_EnterSLEEPMode                            build/stm32f1xx_hal_pwr.o
HAL_PWR_EnterSTANDBYMode                          build/stm32f1xx_hal_pwr.o
HAL_PWR_EnterSTOPMode                             build/stm32f1xx_hal_pwr.o
HAL_PWR_PVDCallback                               build/stm32f1xx_hal_pwr.o
HAL_PWR_PVD_IRQHandler                            build/stm32f1xx_hal_pwr.o
HAL_RCCEx_GetPeriphCLKConfig                      build/stm32f1xx_hal_rcc_ex.o
HAL_RCCEx_GetPeriphCLKFreq                        build/stm32f1xx_hal_rcc_ex.o
HAL_RCCEx_PeriphCLKConfig                         build/stm32f1xx_hal_rcc_ex.o
HAL_RCC_CSSCallback                               build/stm32f1xx_hal_rcc.o
HAL_RCC_ClockConfig                               build/stm32f1xx_hal_rcc.o
                                                  build/main.o
HAL_RCC_DeInit                                    build/stm32f1xx_hal_rcc.o
HAL_RCC_DisableCSS                                build/stm32f1xx_hal_rcc.o
HAL_RCC_EnableCSS                                 build/stm32f1xx_hal_rcc.o
HAL_RCC_GetClockConfig                            build/stm32f1xx_hal_rcc.o
HAL_RCC_GetHCLKFreq                               build/stm32f1xx_hal_rcc.o
HAL_RCC_GetOscConfig                              build/stm32f1xx_hal_rcc.o
HAL_RCC_GetPCLK1Freq                              build/stm32f1xx_hal_rcc.o
HAL_RCC_GetPCLK2Freq                              build/stm32f1xx_hal_rcc.o
                                                  build/stm32f1xx_hal_rcc_ex.o
HAL_RCC_GetSysClockFreq                           build/stm32f1xx_hal_rcc.o
HAL_RCC_MCOConfig                                 build/stm32f1xx_hal_rcc.o
HAL_RCC_NMI_IRQHandler                            build/stm32f1xx_hal_rcc.o
HAL_RCC_OscConfig                                 build/stm32f1xx_hal_rcc.o
                                                  build/main.o
HAL_ResumeTick                                    build/stm32f1xx_hal.o
HAL_SYSTICK_CLKSourceConfig                       build/stm32f1xx_hal_cortex.o
HAL_SYSTICK_Callback                              build/stm32f1xx_hal_cortex.o
HAL_SYSTICK_Config                                build/stm32f1xx_hal_cortex.o
                                                  build/stm32f1xx_hal.o
HAL_SYSTICK_IRQHandler                            build/stm32f1xx_hal_cortex.o
HAL_SetTickFreq                                   build/stm32f1xx_hal.o
HAL_SuspendTick                                   build/stm32f1xx_hal.o
HardFault_Handler                                 build/stm32f1xx_it.o
I2C1_ER_IRQHandler                                build/startup_stm32f103xb.o
I2C1_EV_IRQHandler                                build/startup_stm32f103xb.o
I2C2_ER_IRQHandler                                build/startup_stm32f103xb.o
I2C2_EV_IRQHandler                                build/startup_stm32f103xb.o
MemManage_Handler                                 build/stm32f1xx_it.o
NMI_Handler                                       build/stm32f1xx_it.o
PVD_IRQHandler                                    build/startup_stm32f103xb.o
PendSV_Handler                                    build/stm32f1xx_it.o
RCC_IRQHandler                                    build/startup_stm32f103xb.o
RTC_Alarm_IRQHandler                              build/startup_stm32f103xb.o
RTC_IRQHandler                                    build/startup_stm32f103xb.o
Reset_Handler                                     build/startup_stm32f103xb.o
SPI1_IRQHandler                                   build/startup_stm32f103xb.o
SPI2_IRQHandler                                   build/startup_stm32f103xb.o
SVC_Handler                                       build/stm32f1xx_it.o
SysTick_Handler                                   build/stm32f1xx_it.o
SystemClock_Config                                build/main.o
SystemCoreClock                                   build/system_stm32f1xx.o
                                                  build/stm32f1xx_hal_rcc.o
                                                  build/stm32f1xx_hal.o
SystemCoreClockUpdate                             build/system_stm32f1xx.o
SystemInit                                        build/system_stm32f1xx.o
                                                  build/startup_stm32f103xb.o
TAMPER_IRQHandler                                 build/startup_stm32f103xb.o
TIM1_BRK_IRQHandler                               build/startup_stm32f103xb.o
TIM1_CC_IRQHandler                                build/startup_stm32f103xb.o
TIM1_TRG_COM_IRQHandler                           build/startup_stm32f103xb.o
TIM1_UP_IRQHandler                                build/startup_stm32f103xb.o
TIM2_IRQHandler                                   build/startup_stm32f103xb.o
TIM3_IRQHandler                                   build/startup_stm32f103xb.o
TIM4_IRQHandler                                   build/startup_stm32f103xb.o
USART1_IRQHandler                                 build/startup_stm32f103xb.o
USART2_IRQHandler                                 build/startup_stm32f103xb.o
USART3_IRQHandler                                 build/startup_stm32f103xb.o
USBWakeUp_IRQHandler                              build/startup_stm32f103xb.o
USB_HP_CAN1_TX_IRQHandler                         build/startup_stm32f103xb.o
USB_LP_CAN1_RX0_IRQHandler                        build/startup_stm32f103xb.o
UsageFault_Handler                                build/stm32f1xx_it.o
WWDG_IRQHandler                                   build/startup_stm32f103xb.o
__bss_end__                                       d:/development/tools/win-gcc-arm-none-eabi/bin/../lib/gcc/arm-none-eabi/7.3.1/../../../../arm-none-eabi/lib/thumb/v7-m/crt0.o
__bss_start__                                     d:/development/tools/win-gcc-arm-none-eabi/bin/../lib/gcc/arm-none-eabi/7.3.1/../../../../arm-none-eabi/lib/thumb/v7-m/crt0.o
__call_exitprocs                                  d:/development/tools/win-gcc-arm-none-eabi/bin/../lib/gcc/arm-none-eabi/7.3.1/../../../../arm-none-eabi/lib/thumb/v7-m\libc_nano.a(lib_a-exit.o)
__deregister_frame_info                           d:/development/tools/win-gcc-arm-none-eabi/bin/../lib/gcc/arm-none-eabi/7.3.1/thumb/v7-m/crtbegin.o
__dso_handle                                      d:/development/tools/win-gcc-arm-none-eabi/bin/../lib/gcc/arm-none-eabi/7.3.1/thumb/v7-m/crtbegin.o
__init_array_end                                  d:/development/tools/win-gcc-arm-none-eabi/bin/../lib/gcc/arm-none-eabi/7.3.1/../../../../arm-none-eabi/lib/thumb/v7-m\libc_nano.a(lib_a-init.o)
__init_array_start                                d:/development/tools/win-gcc-arm-none-eabi/bin/../lib/gcc/arm-none-eabi/7.3.1/../../../../arm-none-eabi/lib/thumb/v7-m\libc_nano.a(lib_a-init.o)
__libc_fini_array                                 d:/development/tools/win-gcc-arm-none-eabi/bin/../lib/gcc/arm-none-eabi/7.3.1/../../../../arm-none-eabi/lib/thumb/v7-m/crt0.o
__libc_init_array                                 d:/development/tools/win-gcc-arm-none-eabi/bin/../lib/gcc/arm-none-eabi/7.3.1/../../../../arm-none-eabi/lib/thumb/v7-m\libc_nano.a(lib_a-init.o)
                                                  build/startup_stm32f103xb.o
                                                  d:/development/tools/win-gcc-arm-none-eabi/bin/../lib/gcc/arm-none-eabi/7.3.1/../../../../arm-none-eabi/lib/thumb/v7-m/crt0.o
__preinit_array_end                               d:/development/tools/win-gcc-arm-none-eabi/bin/../lib/gcc/arm-none-eabi/7.3.1/../../../../arm-none-eabi/lib/thumb/v7-m\libc_nano.a(lib_a-init.o)
__preinit_array_start                             d:/development/tools/win-gcc-arm-none-eabi/bin/../lib/gcc/arm-none-eabi/7.3.1/../../../../arm-none-eabi/lib/thumb/v7-m\libc_nano.a(lib_a-init.o)
__register_frame_info                             d:/development/tools/win-gcc-arm-none-eabi/bin/../lib/gcc/arm-none-eabi/7.3.1/thumb/v7-m/crtbegin.o
__sf_fake_stderr                                  d:/development/tools/win-gcc-arm-none-eabi/bin/../lib/gcc/arm-none-eabi/7.3.1/../../../../arm-none-eabi/lib/thumb/v7-m\libc_nano.a(lib_a-impure.o)
__sf_fake_stdin                                   d:/development/tools/win-gcc-arm-none-eabi/bin/../lib/gcc/arm-none-eabi/7.3.1/../../../../arm-none-eabi/lib/thumb/v7-m\libc_nano.a(lib_a-impure.o)
__sf_fake_stdout                                  d:/development/tools/win-gcc-arm-none-eabi/bin/../lib/gcc/arm-none-eabi/7.3.1/../../../../arm-none-eabi/lib/thumb/v7-m\libc_nano.a(lib_a-impure.o)
__stack                                           d:/development/tools/win-gcc-arm-none-eabi/bin/../lib/gcc/arm-none-eabi/7.3.1/../../../../arm-none-eabi/lib/thumb/v7-m/crt0.o
_ebss                                             build/startup_stm32f103xb.o
_edata                                            build/startup_stm32f103xb.o
_estack                                           build/startup_stm32f103xb.o
_exit                                             d:/development/tools/win-gcc-arm-none-eabi/bin/../lib/gcc/arm-none-eabi/7.3.1/../../../../arm-none-eabi/lib/thumb/v7-m\libnosys.a(_exit.o)
                                                  d:/development/tools/win-gcc-arm-none-eabi/bin/../lib/gcc/arm-none-eabi/7.3.1/../../../../arm-none-eabi/lib/thumb/v7-m\libc_nano.a(lib_a-exit.o)
_fini                                             d:/development/tools/win-gcc-arm-none-eabi/bin/../lib/gcc/arm-none-eabi/7.3.1/thumb/v7-m/crti.o
_global_impure_ptr                                d:/development/tools/win-gcc-arm-none-eabi/bin/../lib/gcc/arm-none-eabi/7.3.1/../../../../arm-none-eabi/lib/thumb/v7-m\libc_nano.a(lib_a-impure.o)
                                                  d:/development/tools/win-gcc-arm-none-eabi/bin/../lib/gcc/arm-none-eabi/7.3.1/../../../../arm-none-eabi/lib/thumb/v7-m\libc_nano.a(lib_a-exit.o)
_impure_ptr                                       d:/development/tools/win-gcc-arm-none-eabi/bin/../lib/gcc/arm-none-eabi/7.3.1/../../../../arm-none-eabi/lib/thumb/v7-m\libc_nano.a(lib_a-impure.o)
_init                                             d:/development/tools/win-gcc-arm-none-eabi/bin/../lib/gcc/arm-none-eabi/7.3.1/thumb/v7-m/crti.o
                                                  d:/development/tools/win-gcc-arm-none-eabi/bin/../lib/gcc/arm-none-eabi/7.3.1/../../../../arm-none-eabi/lib/thumb/v7-m\libc_nano.a(lib_a-init.o)
_mainCRTStartup                                   d:/development/tools/win-gcc-arm-none-eabi/bin/../lib/gcc/arm-none-eabi/7.3.1/../../../../arm-none-eabi/lib/thumb/v7-m/crt0.o
_sbss                                             build/startup_stm32f103xb.o
_sdata                                            build/startup_stm32f103xb.o
_sidata                                           build/startup_stm32f103xb.o
_start                                            d:/development/tools/win-gcc-arm-none-eabi/bin/../lib/gcc/arm-none-eabi/7.3.1/../../../../arm-none-eabi/lib/thumb/v7-m/crt0.o
atexit                                            d:/development/tools/win-gcc-arm-none-eabi/bin/../lib/gcc/arm-none-eabi/7.3.1/../../../../arm-none-eabi/lib/thumb/v7-m/crt0.o
exit                                              d:/development/tools/win-gcc-arm-none-eabi/bin/../lib/gcc/arm-none-eabi/7.3.1/../../../../arm-none-eabi/lib/thumb/v7-m\libc_nano.a(lib_a-exit.o)
                                                  d:/development/tools/win-gcc-arm-none-eabi/bin/../lib/gcc/arm-none-eabi/7.3.1/../../../../arm-none-eabi/lib/thumb/v7-m/crt0.o
g_pfnVectors                                      build/startup_stm32f103xb.o
hardware_init_hook                                d:/development/tools/win-gcc-arm-none-eabi/bin/../lib/gcc/arm-none-eabi/7.3.1/../../../../arm-none-eabi/lib/thumb/v7-m/crt0.o
main                                              build/main.o
                                                  build/startup_stm32f103xb.o
                                                  d:/development/tools/win-gcc-arm-none-eabi/bin/../lib/gcc/arm-none-eabi/7.3.1/../../../../arm-none-eabi/lib/thumb/v7-m/crt0.o
memset                                            d:/development/tools/win-gcc-arm-none-eabi/bin/../lib/gcc/arm-none-eabi/7.3.1/../../../../arm-none-eabi/lib/thumb/v7-m\libc_nano.a(lib_a-memset.o)
                                                  build/main.o
                                                  d:/development/tools/win-gcc-arm-none-eabi/bin/../lib/gcc/arm-none-eabi/7.3.1/../../../../arm-none-eabi/lib/thumb/v7-m/crt0.o
pFlash                                            build/stm32f1xx_hal_flash.o
                                                  build/stm32f1xx_hal_flash_ex.o
software_init_hook                                d:/development/tools/win-gcc-arm-none-eabi/bin/../lib/gcc/arm-none-eabi/7.3.1/../../../../arm-none-eabi/lib/thumb/v7-m/crt0.o
uwTick                                            build/stm32f1xx_hal.o
uwTickFreq                                        build/stm32f1xx_hal.o
uwTickPrio                                        build/stm32f1xx_hal.o
